// Jest Snapshot v1, https://goo.gl/fbAQLP

exports[`<App /> renders 1`] = `
<div
  className="App"
>
  <div
    className="header"
  >
    <img
      alt="Logo"
      role="presentation"
      src="IMAGE_MOCK"
    />
    <h1>
      React Cool Starter
    </h1>
  </div>
  <hr />
  <div>
    <h1>
      This is Home!
    </h1>
  </div>
</div>
`;
